// Vitest Snapshot v1, https://vitest.dev/guide/snapshot.html

exports[`Image block tests > Should parse image block 1`] = `
<div>
  <section
    class="grid mt-2"
  >
    <img
      alt=""
      class="rounded justify-self-center dark:dark:opacity-75"
      src="http://test.test.png"
      style="width: 500px;"
    />
  </section>
</div>
`;
